File_Handling_USB.c:35:6:Send_Uart	16	static
File_Handling_USB.c:42:6:Mount_USB	8	static
File_Handling_USB.c:49:6:Unmount_USB	8	static
File_Handling_USB.c:57:9:Scan_USB	112	static
File_Handling_USB.c:100:9:Format_USB	96	static
File_Handling_USB.c:134:9:Write_File_USB	40	static
File_Handling_USB.c:198:9:Read_File_USB	48	static
File_Handling_USB.c:270:9:Create_File_USB	40	static
File_Handling_USB.c:319:9:Update_File_USB	48	static
File_Handling_USB.c:388:9:Remove_File_USB	32	static
File_Handling_USB.c:423:9:Create_Dir_USB	24	static
File_Handling_USB.c:443:6:Check_USB_Details	16	static
