core_cm7.h:2229:22:SCB_EnableICache	4	static,ignoring_inline_asm
core_cm7.h:2281:22:SCB_EnableDCache	24	static,ignoring_inline_asm
core_cm7.h:2491:22:SCB_CleanDCache_by_Addr	32	static,ignoring_inline_asm
main.c:397:6:HAL_SPI_TxRxCpltCallback	16	static
main.c:461:6:HAL_GPIO_EXTI_Callback	16	static
main.c:576:6:buzzerOn	4	static
main.c:584:6:buzzerOff	4	static
main.c:591:6:send_uart	24	static
main.c:611:6:send_uart2	24	static
main.c:627:6:send_uart3	24	static
main.c:639:5:bufsize	24	static
main.c:647:6:bufclear	16	static
main.c:655:6:microDelay	16	static
main.c:664:19:eepromReadEEPROM	40	static
main.c:693:19:eepromWriteEEPROM	40	static
main.c:724:6:eepromReadObject	16	static
main.c:730:6:eepromSaveObject	16	static
main.c:756:6:writeEEPROM_AT24	40	dynamic
main.c:814:6:readEEPROM_AT24	96	static
main.c:867:6:initEEPROM	4	static
main.c:898:6:setPotenciomenters	56	static
main.c:949:6:readPotenciometers	24	static
main.c:992:6:addDataToBuffer	24	static
main.c:1011:6:sd_card_test	24	static
main.c:1155:6:i2c_tests	24	static
main.c:1239:6:saveToSD	16	static
main.c:1316:6:setRangeNA	16	static
main.c:1341:6:setRangeUA	16	static
main.c:1365:6:setRangeMA	16	static
main.c:1391:6:change_range	16	static
main.c:1565:6:check_range_linear	16	static
main.c:1660:6:adc_write_data	32	static
main.c:1706:9:adc_config	8	static
main.c:1784:6:adc_reset	8	static
main.c:1798:6:adc_compensateOffset	24	static
main.c:1826:6:adc_sample_internal	4	static
main.c:1872:6:adc_sample	16	static
main.c:1969:6:adc_sample_ads8691	16	static
main.c:2052:6:ranges	8	static
main.c:2134:8:previousValueToCurrent	16	static
main.c:2158:8:averaging	24	static
main.c:2207:6:triggerMenu	8	static
main.c:2221:9:decimalToHex	24	static
main.c:2241:9:hexToDecimal	24	static
main.c:2280:10:convertInputToInt	24	static
main.c:2318:6:flushUart	16	static
main.c:2327:6:printSettingsValues	1136	static
main.c:2354:6:printLastMeasuredValues	128	static
main.c:2370:6:printCurrentTimeDate	296	static
main.c:2418:9:getConsoleInput	40	static
main.c:2529:6:consoleMeasuringInterface	64	static
main.c:2687:6:consoleRTCSettings	64	static
main.c:2988:6:consoleDeviceInterface	64	static
main.c:3286:6:consoleInterface	24	static
main.c:3425:6:drawScreen	8	static
main.c:3449:9:gpioState	24	static
main.c:3462:9:u8x8_stm32_gpio_and_delay	24	static
main.c:3517:9:u8x8_byte_i2c	40	static
main.c:3598:9:u8x8_GetMenuEvent	24	static
main.c:3686:6:screen_u8x8_test	16	static
main.c:3735:6:screen_u8g2_test	80	static
main.c:3801:6:screenInfoPanel	16	static
main.c:3870:6:screenDeviceSettings	24	static
main.c:4030:6:screenMeasuringSettings	32	static
main.c:4125:6:screenPowerSourceControl	32	static
main.c:4245:6:screenRtcSettings	32	static
main.c:4489:6:screenInterface	16	static
main.c:4603:6:cleanBuffer	24	static
main.c:4611:6:deviceInit	32	static
main.c:4874:5:main	8	static
main.c:5012:6:SystemClock_Config	232	static
main.c:5087:13:MX_I2C1_Init	8	static
main.c:5133:13:MX_I2C4_Init	8	static
main.c:5179:13:MX_RTC_Init	40	static
main.c:5241:13:MX_SDMMC1_SD_Init	4	static
main.c:5269:13:MX_SPI1_Init	8	static
main.c:5309:13:MX_SPI4_Init	8	static
main.c:5349:13:MX_TIM4_Init	40	static
main.c:5394:13:MX_TIM5_Init	40	static
main.c:5439:13:MX_TIM7_Init	24	static
main.c:5477:13:MX_TIM14_Init	8	static
main.c:5508:13:MX_UART7_Init	8	static
main.c:5543:13:MX_USART6_UART_Init	8	static
main.c:5576:13:MX_DMA_Init	16	static
main.c:5613:13:MX_GPIO_Init	56	static
main.c:5777:6:StartDefaultTask	24	static
main.c:5810:6:vTaskUSB	24	static
main.c:5840:6:vTaskInputBuffer	24	static
main.c:5869:6:vTaskEthernet	16	static
main.c:5890:6:vTaskUi	16	static
main.c:5911:6:vTaskLcd	24	static
main.c:5961:6:vTaskButtons	16	static
main.c:5980:6:vTaskUart	16	static
main.c:6001:6:vTaskSd	16	static
main.c:6021:6:HAL_TIM_PeriodElapsedCallback	16	static
main.c:6038:6:Error_Handler	8	static,ignoring_inline_asm
