main.c:3535:9:u8x8_stm32_gpio_and_delay	16	static
main.c:5922:6:vTaskInputBuffer	352	static
main.c:6134:6:vTaskUi	8	static
main.c:3590:9:u8x8_byte_i2c	32	static
main.c:427:6:HAL_SPI_TxRxCpltCallback	16	static
main.c:458:6:HAL_SPI_ErrorCallback	16	static
main.c:511:6:HAL_GPIO_EXTI_Callback	16	static
main.c:627:6:setMeasuringRange	8	static
main.c:649:6:buzzerOn	0	static
main.c:657:6:buzzerOff	0	static
main.c:664:6:send_uart	24	static,ignoring_inline_asm
main.c:5859:6:StartDefaultTask	16	static
main.c:684:6:send_uart2	8	static
main.c:700:6:send_uart3	8	static
main.c:712:5:bufsize	0	static
main.c:720:6:bufclear	0	static
main.c:728:6:microDelay	0	static
main.c:737:19:eepromReadEEPROM	64	static
main.c:766:19:eepromWriteEEPROM	64	static
main.c:797:6:eepromReadObject	0	static
main.c:803:6:eepromSaveObject	0	static
main.c:829:6:writeEEPROM_AT24	72	static
main.c:887:6:readEEPROM_AT24	88	static
main.c:940:6:initEEPROM	12	static
main.c:971:6:setPotenciomenters	56	static
main.c:1022:6:readPotenciometers	48	static
main.c:1065:6:addDataToBuffer	24	static
main.c:1084:6:sd_card_test	24	static,ignoring_inline_asm
main.c:1228:6:i2c_tests	40	static,ignoring_inline_asm
main.c:1312:6:saveToSD	24	static,ignoring_inline_asm
main.c:1389:6:setRangeNA	0	static
main.c:1414:6:setRangeUA	0	static
main.c:1438:6:setRangeMA	0	static
main.c:1464:6:change_range	0	static
main.c:1638:6:check_range_linear	16	static
main.c:1733:6:adc_write_data	32	static
main.c:1779:9:adc_config	16	static
main.c:1857:6:adc_reset	8	static
main.c:1899:6:adc_sample_internal	8	static
main.c:1945:6:adc_sample	24	static
main.c:1871:6:adc_compensateOffset	40	static
main.c:2042:6:adc_sample_ads8691	24	static
main.c:2125:6:ranges	0	static
main.c:2207:8:previousValueToCurrent	0	static
main.c:2231:8:averaging	4	static
main.c:2280:6:triggerMenu	8	static
main.c:2294:9:decimalToHex	0	static
main.c:2314:9:hexToDecimal	0	static
main.c:2353:10:convertInputToInt	16	static
main.c:2391:6:flushUart	16	static
main.c:2400:6:printSettingsValues	1104	static
main.c:2427:6:printLastMeasuredValues	152	static
main.c:2443:6:printCurrentTimeDate	288	static
main.c:2491:9:getConsoleInput	32	static
main.c:3359:6:consoleInterface	24	static
main.c:2602:6:consoleMeasuringInterface	72	static
main.c:3061:6:consoleDeviceInterface	72	static
main.c:3359:6:consoleInterface.part.0	32	static
main.c:6318:6:vTaskUart	32	static
main.c:2760:6:consoleRTCSettings.part.0	296	static
main.c:2760:6:consoleRTCSettings	16	static
main.c:3498:6:drawScreen	24	static
main.c:3522:9:gpioState	8	static
main.c:3671:9:u8x8_GetMenuEvent	24	static
main.c:3759:6:screen_u8x8_test	16	static
main.c:3808:6:screen_u8g2_test	120	static
main.c:3874:6:screenInfoPanel	24	static
main.c:4318:6:screenRtcSettings	48	static
main.c:4562:6:screenInterface.part.0	24	static
main.c:6155:6:vTaskLcd	48	static
main.c:4198:6:screenPowerSourceControl	40	static
main.c:3943:6:screenDeviceSettings	32	static
main.c:4103:6:screenMeasuringSettings	40	static
main.c:4562:6:screenInterface	8	static
main.c:4676:6:cleanBuffer	0	static
main.c:4684:6:deviceInit	32	static
main.c:5892:6:vTaskUSB	16	static
main.c:6113:6:vTaskEthernet	8	static
main.c:6207:6:vTaskButtons	64	static,ignoring_inline_asm
main.c:6348:6:vTaskSd	8	static
main.c:6368:6:HAL_TIM_PeriodElapsedCallback	0	static
main.c:6385:6:Error_Handler	8	static,ignoring_inline_asm
main.c:5089:6:SystemClock_Config	264	static
main.c:4947:5:main	160	static,ignoring_inline_asm
