core_cm7.h:2229:22:SCB_EnableICache	4	static,ignoring_inline_asm
core_cm7.h:2281:22:SCB_EnableDCache	24	static,ignoring_inline_asm
core_cm7.h:2491:22:SCB_CleanDCache_by_Addr	32	static,ignoring_inline_asm
main.c:427:6:HAL_SPI_TxRxCpltCallback	16	static
main.c:458:6:HAL_SPI_ErrorCallback	16	static
main.c:511:6:HAL_GPIO_EXTI_Callback	16	static
main.c:627:6:setMeasuringRange	8	static
main.c:649:6:buzzerOn	4	static
main.c:657:6:buzzerOff	4	static
main.c:664:6:send_uart	24	static
main.c:684:6:send_uart2	24	static
main.c:700:6:send_uart3	24	static
main.c:712:5:bufsize	24	static
main.c:720:6:bufclear	16	static
main.c:728:6:microDelay	16	static
main.c:737:19:eepromReadEEPROM	40	static
main.c:766:19:eepromWriteEEPROM	40	static
main.c:797:6:eepromReadObject	16	static
main.c:803:6:eepromSaveObject	16	static
main.c:829:6:writeEEPROM_AT24	40	dynamic
main.c:887:6:readEEPROM_AT24	96	static
main.c:940:6:initEEPROM	4	static
main.c:971:6:setPotenciomenters	56	static
main.c:1022:6:readPotenciometers	24	static
main.c:1065:6:addDataToBuffer	24	static
main.c:1084:6:sd_card_test	24	static
main.c:1228:6:i2c_tests	24	static
main.c:1312:6:saveToSD	16	static
main.c:1389:6:setRangeNA	16	static
main.c:1414:6:setRangeUA	16	static
main.c:1438:6:setRangeMA	16	static
main.c:1464:6:change_range	16	static
main.c:1638:6:check_range_linear	16	static
main.c:1733:6:adc_write_data	32	static
main.c:1779:9:adc_config	8	static
main.c:1857:6:adc_reset	8	static
main.c:1871:6:adc_compensateOffset	24	static
main.c:1899:6:adc_sample_internal	4	static
main.c:1945:6:adc_sample	16	static
main.c:2042:6:adc_sample_ads8691	16	static
main.c:2125:6:ranges	8	static
main.c:2207:8:previousValueToCurrent	16	static
main.c:2231:8:averaging	24	static
main.c:2280:6:triggerMenu	8	static
main.c:2294:9:decimalToHex	24	static
main.c:2314:9:hexToDecimal	24	static
main.c:2353:10:convertInputToInt	24	static
main.c:2391:6:flushUart	16	static
main.c:2400:6:printSettingsValues	1136	static
main.c:2427:6:printLastMeasuredValues	128	static
main.c:2443:6:printCurrentTimeDate	296	static
main.c:2491:9:getConsoleInput	40	static
main.c:2602:6:consoleMeasuringInterface	64	static
main.c:2760:6:consoleRTCSettings	64	static
main.c:3061:6:consoleDeviceInterface	64	static
main.c:3359:6:consoleInterface	24	static
main.c:3498:6:drawScreen	8	static
main.c:3522:9:gpioState	24	static
main.c:3535:9:u8x8_stm32_gpio_and_delay	24	static
main.c:3590:9:u8x8_byte_i2c	40	static
main.c:3671:9:u8x8_GetMenuEvent	24	static
main.c:3759:6:screen_u8x8_test	16	static
main.c:3808:6:screen_u8g2_test	80	static
main.c:3874:6:screenInfoPanel	16	static
main.c:3943:6:screenDeviceSettings	24	static
main.c:4103:6:screenMeasuringSettings	32	static
main.c:4198:6:screenPowerSourceControl	32	static
main.c:4318:6:screenRtcSettings	32	static
main.c:4562:6:screenInterface	16	static
main.c:4676:6:cleanBuffer	24	static
main.c:4684:6:deviceInit	32	static
main.c:4940:5:main	16	static
main.c:5082:6:SystemClock_Config	232	static
main.c:5157:13:MX_I2C1_Init	8	static
main.c:5203:13:MX_I2C4_Init	8	static
main.c:5249:13:MX_RTC_Init	40	static
main.c:5311:13:MX_SDMMC1_SD_Init	4	static
main.c:5339:13:MX_SPI1_Init	8	static
main.c:5379:13:MX_SPI4_Init	8	static
main.c:5418:13:MX_TIM4_Init	40	static
main.c:5463:13:MX_TIM5_Init	40	static
main.c:5508:13:MX_TIM7_Init	24	static
main.c:5546:13:MX_TIM14_Init	8	static
main.c:5577:13:MX_UART7_Init	8	static
main.c:5612:13:MX_USART6_UART_Init	8	static
main.c:5645:13:MX_DMA_Init	16	static
main.c:5688:13:MX_GPIO_Init	56	static
main.c:5852:6:StartDefaultTask	24	static
main.c:5885:6:vTaskUSB	24	static
main.c:5915:6:vTaskInputBuffer	352	static
main.c:6066:6:vTaskEthernet	16	static
main.c:6087:6:vTaskUi	16	static
main.c:6108:6:vTaskLcd	24	static
main.c:6160:6:vTaskButtons	16	static
main.c:6179:6:vTaskUart	24	static
main.c:6209:6:vTaskSd	16	static
main.c:6229:6:HAL_TIM_PeriodElapsedCallback	16	static
main.c:6246:6:Error_Handler	8	static,ignoring_inline_asm
