st7528.c:115:13:ST7528_cmd	32	static
st7528.c:127:13:ST7528_cmd_double	32	static
st7528.c:139:6:ST7528_Init	16	static
st7528.c:251:6:ST7528_Reset	8	static
st7528.c:256:13:ST7528_send_buff	48	dynamic
st7528.c:273:6:ST7528_Flush	24	static
st7528.c:307:6:ST7528_Clear	12	static
st7528.c:321:6:ST7528_Contrast	32	static
st7528.c:347:6:ST7528_SetAllPixelsOn	16	static
st7528.c:355:6:ST7528_SetInvert	16	static
st7528.c:363:6:ST7528_SetDisplayState	16	static
st7528.c:372:6:ST7528_SetPartialDisplay	16	static
st7528.c:385:6:ST7528_PowerSave	16	static
st7528.c:394:6:ST7528_SetXDir	16	static
st7528.c:404:6:ST7528_SetYDir	16	static
st7528.c:412:6:ST7528_SetAddr	16	static
st7528.c:424:6:ST7528_SetScrollLine	16	static
st7528.c:432:6:ST7528_Orientation	16	static
st7528.c:473:6:LCD_Pixel	24	static
st7528.c:511:13:LCD_HLineInt	24	static
st7528.c:529:13:LCD_VLineInt	24	static
st7528.c:582:6:LCD_HLine	32	static
st7528.c:604:6:LCD_VLine	32	static
st7528.c:625:6:LCD_Rect	24	static
st7528.c:636:6:LCD_FillRect	32	static
st7528.c:679:6:LCD_Line	40	static
st7528.c:763:6:LCD_Circle	40	static
st7528.c:815:6:LCD_Ellipse	72	static
st7528.c:876:9:LCD_PutChar	24	static
st7528.c:985:10:LCD_PutStr	32	static
st7528.c:1003:10:LCD_PutStrLF	32	static
st7528.c:1027:9:LCD_PutInt	48	static
st7528.c:1056:9:LCD_PutIntU	40	static
st7528.c:1078:9:LCD_PutIntF	56	static
st7528.c:1130:9:LCD_PutIntLZ	40	static
st7528.c:1166:9:LCD_PutHex	40	static
st7528.c:1198:6:LCD_DrawBitmap	32	static
st7528.c:1241:6:LCD_DrawBitmapGS	32	static
st7528.c:1271:6:LCD_Invert	32	static
