stm32f7xx_hal_msp.c:81:6:HAL_MspInit	16	static
stm32f7xx_hal_msp.c:105:6:HAL_I2C_MspInit	64	static
stm32f7xx_hal_msp.c:165:6:HAL_I2C_MspDeInit	8	static
stm32f7xx_hal_msp.c:216:6:HAL_RTC_MspInit	0	static
stm32f7xx_hal_msp.c:238:6:HAL_RTC_MspDeInit	0	static
stm32f7xx_hal_msp.c:260:6:HAL_SD_MspInit	72	static
stm32f7xx_hal_msp.c:334:6:HAL_SD_MspDeInit	8	static
stm32f7xx_hal_msp.c:375:6:HAL_SPI_MspInit	80	static
stm32f7xx_hal_msp.c:534:6:HAL_SPI_MspDeInit	8	static
stm32f7xx_hal_msp.c:600:6:HAL_TIM_Base_MspInit	16	static
stm32f7xx_hal_msp.c:655:6:HAL_TIM_Base_MspDeInit	0	static
stm32f7xx_hal_msp.c:710:6:HAL_UART_MspInit	64	static
stm32f7xx_hal_msp.c:856:6:HAL_UART_MspDeInit	8	static
