stm32f7xx_it.c:87:6:NMI_Handler	4	static
stm32f7xx_it.c:102:6:HardFault_Handler	4	static
stm32f7xx_it.c:117:6:MemManage_Handler	4	static
stm32f7xx_it.c:132:6:BusFault_Handler	4	static
stm32f7xx_it.c:147:6:UsageFault_Handler	4	static
stm32f7xx_it.c:162:6:DebugMon_Handler	4	static
stm32f7xx_it.c:182:6:EXTI0_IRQHandler	8	static
stm32f7xx_it.c:196:6:EXTI1_IRQHandler	8	static
stm32f7xx_it.c:210:6:EXTI2_IRQHandler	8	static
stm32f7xx_it.c:224:6:EXTI3_IRQHandler	8	static
stm32f7xx_it.c:238:6:EXTI4_IRQHandler	8	static
stm32f7xx_it.c:252:6:DMA1_Stream1_IRQHandler	8	static
stm32f7xx_it.c:266:6:DMA1_Stream3_IRQHandler	8	static
stm32f7xx_it.c:280:6:EXTI9_5_IRQHandler	8	static
stm32f7xx_it.c:295:6:SPI1_IRQHandler	8	static
stm32f7xx_it.c:309:6:EXTI15_10_IRQHandler	8	static
stm32f7xx_it.c:326:6:SDMMC1_IRQHandler	8	static
stm32f7xx_it.c:340:6:TIM6_DAC_IRQHandler	8	static
stm32f7xx_it.c:354:6:DMA2_Stream0_IRQHandler	8	static
stm32f7xx_it.c:368:6:DMA2_Stream1_IRQHandler	8	static
stm32f7xx_it.c:382:6:DMA2_Stream2_IRQHandler	8	static
stm32f7xx_it.c:396:6:DMA2_Stream3_IRQHandler	8	static
stm32f7xx_it.c:410:6:DMA2_Stream4_IRQHandler	8	static
stm32f7xx_it.c:424:6:ETH_IRQHandler	8	static
stm32f7xx_it.c:438:6:OTG_FS_IRQHandler	8	static
stm32f7xx_it.c:452:6:DMA2_Stream5_IRQHandler	8	static
stm32f7xx_it.c:466:6:DMA2_Stream6_IRQHandler	8	static
stm32f7xx_it.c:480:6:USART6_IRQHandler	8	static
stm32f7xx_it.c:502:6:UART7_IRQHandler	8	static
stm32f7xx_it.c:525:6:SPI4_IRQHandler	8	static
