stm32f7xx_it.c:84:6:NMI_Handler	4	static
stm32f7xx_it.c:99:6:HardFault_Handler	4	static
stm32f7xx_it.c:114:6:MemManage_Handler	4	static
stm32f7xx_it.c:129:6:BusFault_Handler	4	static
stm32f7xx_it.c:144:6:UsageFault_Handler	4	static
stm32f7xx_it.c:159:6:DebugMon_Handler	4	static
stm32f7xx_it.c:179:6:EXTI0_IRQHandler	8	static
stm32f7xx_it.c:193:6:EXTI1_IRQHandler	8	static
stm32f7xx_it.c:207:6:EXTI2_IRQHandler	8	static
stm32f7xx_it.c:221:6:EXTI3_IRQHandler	8	static
stm32f7xx_it.c:235:6:EXTI4_IRQHandler	8	static
stm32f7xx_it.c:249:6:DMA1_Stream1_IRQHandler	8	static
stm32f7xx_it.c:263:6:DMA1_Stream3_IRQHandler	8	static
stm32f7xx_it.c:277:6:EXTI9_5_IRQHandler	8	static
stm32f7xx_it.c:292:6:SPI1_IRQHandler	8	static
stm32f7xx_it.c:306:6:EXTI15_10_IRQHandler	8	static
stm32f7xx_it.c:323:6:SDMMC1_IRQHandler	8	static
stm32f7xx_it.c:337:6:TIM6_DAC_IRQHandler	8	static
stm32f7xx_it.c:351:6:DMA2_Stream0_IRQHandler	8	static
stm32f7xx_it.c:365:6:DMA2_Stream1_IRQHandler	8	static
stm32f7xx_it.c:379:6:DMA2_Stream3_IRQHandler	8	static
stm32f7xx_it.c:393:6:ETH_IRQHandler	8	static
stm32f7xx_it.c:407:6:OTG_FS_IRQHandler	8	static
stm32f7xx_it.c:421:6:DMA2_Stream5_IRQHandler	8	static
stm32f7xx_it.c:435:6:DMA2_Stream6_IRQHandler	8	static
stm32f7xx_it.c:449:6:USART6_IRQHandler	8	static
stm32f7xx_it.c:471:6:UART7_IRQHandler	8	static
